12:28:52 39784
12:28:57 39822
12:29:02 58960
12:29:07 57708
12:29:12 47727
12:29:17 47631
12:29:22 47372
12:29:27 47667
12:29:32 47629
12:29:37 47620
12:29:42 47622
12:29:47 47637
12:29:52 45220
12:29:57 45098
12:30:02 45107
12:30:07 45094
12:30:12 45107
12:30:17 45115
12:30:22 45172
12:30:27 45204
12:30:32 45229
12:30:37 45217
12:30:42 45242
12:30:47 45149
12:30:52 45068
12:30:57 44937
12:31:02 44844
12:31:07 44739
12:31:12 44570
12:31:17 44561
12:31:22 44491
12:31:27 44320
12:31:32 44252
12:31:37 44203
12:31:42 44212
12:31:47 43098
12:31:52 42968
12:31:57 42761
12:32:02 42670
12:32:07 42507
12:32:12 42173
12:32:17 41928
12:32:22 41948
12:32:27 41599
12:32:32 41851
12:32:37 41793
12:32:42 41819
12:32:47 43009
12:32:52 43165
12:32:57 43050
12:33:02 43172
12:33:07 43212
12:33:12 43209
12:33:17 43162
12:33:22 43097
12:33:27 43052
12:33:32 43122
12:33:37 43095
12:33:42 42986
12:33:47 43047
12:33:52 42934
12:33:57 42978
12:34:02 42909
12:34:07 42793
12:34:12 42863
12:34:17 42910
12:34:22 42719
12:34:27 42754
12:34:32 42572
12:34:37 42637
12:34:42 42564
12:34:47 42460
12:34:52 42402
12:34:57 41544
12:35:02 41476
12:35:07 41309
12:35:12 41268
12:35:17 41233
12:35:22 41129
12:35:27 41136
12:35:32 40412
12:35:37 40320
12:35:42 40206
12:35:47 40209
12:35:52 40078
12:35:57 39953
12:36:02 39210
12:36:07 39220
12:36:12 39174
12:36:17 39122
12:36:22 39010
12:36:27 38885
12:36:32 38780
12:36:37 37953
12:36:42 38013
12:36:47 37942
12:36:52 37882
12:36:57 37779
12:37:02 37703
12:37:07 37026
12:37:12 37156
12:37:17 37094
12:37:22 36983
12:37:27 36925
12:37:32 36829
12:37:37 36732
12:37:42 37520
12:37:47 37584
12:37:52 37502
12:37:57 37423
12:38:02 37328
12:38:07 37274
12:38:12 37610
12:38:17 37675
12:38:22 37620
12:38:27 37498
12:38:32 37397
12:38:37 37257
12:38:42 37753
12:38:47 37189
12:38:52 36964
12:38:57 36956
12:39:02 36931
12:39:07 36925
12:39:12 37225
12:39:17 37346
12:39:22 37402
12:39:27 38045
12:39:32 38066
12:39:37 37871
12:39:42 37959
