10:07:36 44493
10:07:41 44595
10:07:46 44650
10:07:51 44687
10:07:56 44794
10:08:01 44723
10:08:06 44741
10:08:11 44835
10:08:16 44723
10:08:21 44738
10:08:26 44870
10:08:31 44802
10:08:36 44753
10:08:41 44634
10:08:46 44533
10:08:51 44414
10:08:56 44297
10:09:01 44886
10:09:06 44804
10:09:11 44911
10:09:16 44816
10:09:21 44893
10:09:26 44816
10:09:31 44815
10:09:36 44931
10:09:41 44811
10:09:46 44952
10:09:51 44851
10:09:56 44857
10:10:01 44903
10:10:06 44848
10:10:11 44945
10:10:16 44981
10:10:21 44965
10:10:26 44867
10:10:31 44823
10:10:36 44728
10:10:41 44883
10:10:46 44845
10:10:51 44940
10:10:56 44951
10:11:01 44884
10:11:06 44956
10:11:11 44946
10:11:16 44948
10:11:21 44951
10:11:26 44905
10:11:31 44835
10:11:36 44710
10:11:41 44585
10:11:46 44476
10:11:51 44928
10:11:56 44813
10:12:01 44692
10:12:06 44624
10:12:11 44573
10:12:16 44485
10:12:21 44931
10:12:26 44868
10:12:31 44808
10:12:36 44662
10:12:41 44568
10:12:46 44468
10:12:51 44477
10:12:56 44931
10:13:01 44797
10:13:06 44603
10:13:11 44566
10:13:16 44536
10:13:21 44454
10:13:26 44920
10:13:31 44858
10:13:36 44661
10:13:41 44611
10:13:46 44509
10:13:51 44874
10:13:56 44825
10:14:01 44772
10:14:06 44665
10:14:11 44584
10:14:16 44466
10:14:21 44867
10:14:26 44873
10:14:31 44809
10:14:36 44692
10:14:41 44482
10:14:46 44470
10:14:51 44890
10:14:56 44866
10:15:01 44740
10:15:06 44700
10:15:11 44466
10:15:16 44369
10:15:21 44812
10:15:26 44852
10:15:31 44833
10:15:36 44960
10:15:41 44833
10:15:46 44838
10:15:51 44861
10:15:56 44856
10:16:01 44840
10:16:06 44859
10:16:11 44770
10:16:16 44841
10:16:21 44841
10:16:26 44843
10:16:31 44854
10:16:36 44855
10:16:41 44859
10:16:46 44848
10:16:51 44835
10:16:56 44844
10:17:01 44837
10:17:06 44853
10:17:11 44850
10:17:16 44855
10:17:21 44848
10:17:26 44966
10:17:31 44852
10:17:36 44854
10:17:41 44845
10:17:46 44859
10:17:51 44848
10:17:56 44853
10:18:01 44835
10:18:06 44841
10:18:11 44969
10:18:16 44865
10:18:21 44851
10:18:26 44973
10:18:31 44849
10:18:36 44859
10:18:41 44874
10:18:46 44875
10:18:51 44973
10:18:56 44997
10:19:01 44957
10:19:06 44974
10:19:11 44852
10:19:16 44850
10:19:21 44836
10:19:26 44859
10:19:31 44861
10:19:36 44860
10:19:41 44956
10:19:46 44965
10:19:51 44779
10:19:56 44808
10:20:01 44938
10:20:06 44950
10:20:11 44890
10:20:16 44842
10:20:21 44665
10:20:26 44562
10:20:31 44507
10:20:36 44509
10:20:41 44948
10:20:46 44889
10:20:51 44827
10:20:56 44694
10:21:01 44596
10:21:06 44599
10:21:11 44944
10:21:16 44943
10:21:21 44833
10:21:26 44709
10:21:31 44653
10:21:36 44607
10:21:41 44933
10:21:46 44870
10:21:51 44809
10:21:56 44678
10:22:01 44613
10:22:06 44579
10:22:11 44879
10:22:16 44813
10:22:21 44741
10:22:26 44543
10:22:31 44529
10:22:36 44477
10:22:41 44469
10:22:46 44471
10:22:51 44464
10:22:56 44368
10:23:01 44448
10:23:06 44446
10:23:11 44329
10:23:16 44349
10:23:21 59133
10:23:26 57994
10:23:31 51042
10:23:36 50855
10:23:41 50803
10:23:46 50823
10:23:51 50790
10:23:56 50799
10:24:01 50792
10:24:06 50803
10:24:11 50778
10:24:16 49228
10:24:21 48406
10:24:26 48429
10:24:31 48176
10:24:36 48153
10:24:41 48067
10:24:46 48185
10:24:51 48177
10:24:56 48185
10:25:01 48210
10:25:06 48229
10:25:11 48096
10:25:16 48092
10:25:21 48066
10:25:26 48069
10:25:31 47972
10:25:36 49644
10:25:41 57969
10:25:46 51402
10:25:51 50830
10:25:56 50829
10:26:01 50790
10:26:06 50810
10:26:11 50775
10:26:16 50770
10:26:21 50740
10:26:26 50622
10:26:31 50706
10:26:36 50591
10:26:41 50459
10:26:46 48397
10:26:51 48218
10:26:56 48168
10:27:01 48030
10:27:06 47880
10:27:11 47983
10:27:16 48059
10:27:21 48106
10:27:26 48128
10:27:31 48129
10:27:36 48048
10:27:41 48010
10:27:46 58933
10:27:51 57732
10:27:56 50801
10:28:01 50779
10:28:06 50793
10:28:11 50648
10:28:16 50670
10:28:21 50684
10:28:26 50705
10:28:31 50710
10:28:36 50708
10:28:41 50625
10:28:46 48441
10:28:51 48246
10:28:56 48196
10:29:01 48073
10:29:06 48185
10:29:11 48179
10:29:16 48202
10:29:21 48194
10:29:26 48188
10:29:31 48061
10:29:36 48093
10:29:41 48033
10:29:46 48047
10:29:51 57809
10:29:56 53930
10:30:01 50858
10:30:06 50854
10:30:11 50628
10:30:16 50833
10:30:21 50823
10:30:26 50816
10:30:31 50775
10:30:36 50777
10:30:41 50751
10:30:46 50641
10:30:51 50751
10:30:56 50756
10:31:01 48459
10:31:06 48289
10:31:11 48218
10:31:16 48123
10:31:21 48202
10:31:26 48205
10:31:31 48190
10:31:36 48222
10:31:41 48226
10:31:46 48182
10:31:51 48188
10:31:56 48071
10:32:01 49607
10:32:06 58012
10:32:11 54308
10:32:16 47870
10:32:21 47915
10:32:26 47900
10:32:31 47870
10:32:36 47857
10:32:41 47789
10:32:46 47673
10:32:51 47830
10:32:56 47822
10:33:01 47779
10:33:06 47788
10:33:11 47206
10:33:16 45442
10:33:21 45495
10:33:26 45512
10:33:31 45347
10:33:36 45340
10:33:41 45345
10:33:46 45348
10:33:51 45352
10:33:56 45367
10:34:01 45372
10:34:06 45379
10:34:11 45367
10:34:16 45189
10:34:21 45150
10:34:26 44997
10:34:31 44874
10:34:36 44698
10:34:41 44681
10:34:46 44620
10:34:51 44551
10:34:56 44432
10:35:01 44316
10:35:06 44220
10:35:11 43206
10:35:16 43097
10:35:21 42829
10:35:26 42817
10:35:31 42808
10:35:36 42852
10:35:41 44078
10:35:46 44122
10:35:51 44190
10:35:56 44104
10:36:01 44307
10:36:06 44196
10:36:11 44190
10:36:17 44306
10:36:22 44339
10:36:27 44207
10:36:32 44258
10:36:37 44148
10:36:42 44185
10:36:47 44188
10:36:52 44071
10:36:57 44003
10:37:02 43931
10:37:07 44045
10:37:12 44045
10:37:17 44052
10:37:22 44047
10:37:27 43952
10:37:32 44049
10:37:37 43938
10:37:42 44049
10:37:47 44012
10:37:52 43945
10:37:57 43715
10:38:02 43753
10:38:07 43696
10:38:12 42901
10:38:17 42835
10:38:22 42764
10:38:27 42663
10:38:32 42431
10:38:37 42343
10:38:42 42431
10:38:47 41720
10:38:52 41645
10:38:57 41531
10:39:02 41456
10:39:07 41346
10:39:12 41235
10:39:17 41245
10:39:22 40485
10:39:27 40420
10:39:32 40324
10:39:37 40217
10:39:42 40162
10:39:47 40070
10:39:52 39326
10:39:57 39346
10:40:02 39212
10:40:07 39139
10:40:12 39031
10:40:17 38988
10:40:22 39313
10:40:27 39246
10:40:32 39169
10:40:37 39071
10:40:42 38960
10:40:47 38853
10:40:52 39310
10:40:57 39247
10:41:02 39191
10:41:07 39079
10:41:12 38962
10:41:17 38967
10:41:22 38979
10:41:27 39113
10:41:32 39115
10:41:37 39081
10:41:42 38954
10:41:47 38847
10:41:52 39214
10:41:57 39254
10:42:02 39227
10:42:07 39457
10:42:12 39446
10:42:17 39444
10:42:22 39500
10:42:27 39490
10:42:32 41099
10:42:37 40895
10:42:42 41090
10:42:47 41094
10:42:52 41101
10:42:57 41110
10:43:02 41109
10:43:07 41339
10:43:12 41326
10:43:17 41339
10:43:22 41339
10:43:27 41357
10:43:32 41350
10:43:37 41364
10:43:42 41356
10:43:47 41366
10:43:52 42360
10:43:57 42373
10:44:02 42366
10:44:07 42379
10:44:12 42365
10:44:17 42376
10:44:22 42370
10:44:27 42374
10:44:32 42356
10:44:37 42387
10:44:42 42383
10:44:47 42383
10:44:52 42378
10:44:57 42395
10:45:02 42379
10:45:07 42390
10:45:12 42385
10:45:17 42384
10:45:22 42385
10:45:27 42387
10:45:32 42385
10:45:37 42390
10:45:42 42374
10:45:47 42372
10:45:52 42378
10:45:57 42380
10:46:02 42384
10:46:07 42394
10:46:12 42382
10:46:17 42328
10:46:22 42373
10:46:27 42379
10:46:32 42387
10:46:37 42394
10:46:42 42391
10:46:47 42214
10:46:52 42231
10:46:57 42231
10:47:02 42193
10:47:07 42375
10:47:12 42358
10:47:17 42313
10:47:22 42309
10:47:27 42254
10:47:32 42195
10:47:37 42208
10:47:42 40962
10:47:47 40968
10:47:52 40959
10:47:57 40908
10:48:02 40846
10:48:07 40804
10:48:12 39880
10:48:17 39880
10:48:22 39810
10:48:27 39764
10:48:32 39703
10:48:37 39677
10:48:42 39670
10:48:47 39671
10:48:52 39540
10:48:57 39586
10:49:02 39575
10:49:07 39607
10:49:12 39633
10:49:17 39651
10:49:22 39540
10:49:27 39580
10:49:32 39585
10:49:37 39572
